params=118.2M  attention=gated  block=2048  micro=16 accum=8 -> 262,144 tok/step  steps=3200
train_tokens=841,431,780  val_tokens=471,605  device=cuda
step     0 | loss 10.5381 | lr 1.50e-06 |   2095ms |  125.1k tok/s | mfu 28.4%
  [eval] step 0 val_loss 10.5279
step    10 | loss 10.0501 | lr 1.65e-05 |   1764ms |  148.6k tok/s | mfu 33.8%
step    20 | loss 9.2668 | lr 3.15e-05 |   1773ms |  147.8k tok/s | mfu 33.6%
step    30 | loss 8.8045 | lr 4.65e-05 |   1776ms |  147.6k tok/s | mfu 33.6%
step    40 | loss 8.4492 | lr 6.15e-05 |   1785ms |  146.9k tok/s | mfu 33.4%
step    50 | loss 8.0090 | lr 7.65e-05 |   1789ms |  146.5k tok/s | mfu 33.3%
step    60 | loss 7.6328 | lr 9.15e-05 |   1793ms |  146.2k tok/s | mfu 33.2%
step    70 | loss 7.4155 | lr 1.07e-04 |   1796ms |  146.0k tok/s | mfu 33.2%
step    80 | loss 7.4503 | lr 1.21e-04 |   1796ms |  146.0k tok/s | mfu 33.2%
step    90 | loss 7.4781 | lr 1.36e-04 |   1800ms |  145.7k tok/s | mfu 33.1%
step   100 | loss 7.3862 | lr 1.51e-04 |   1801ms |  145.5k tok/s | mfu 33.1%
step   110 | loss 7.4875 | lr 1.66e-04 |   1805ms |  145.3k tok/s | mfu 33.0%
step   120 | loss 7.3707 | lr 1.81e-04 |   1803ms |  145.4k tok/s | mfu 33.0%
step   130 | loss 7.4182 | lr 1.96e-04 |   1804ms |  145.3k tok/s | mfu 33.0%
step   140 | loss 7.4165 | lr 2.11e-04 |   1806ms |  145.1k tok/s | mfu 33.0%
step   150 | loss 7.4066 | lr 2.26e-04 |   1807ms |  145.1k tok/s | mfu 33.0%
step   160 | loss 7.4134 | lr 2.41e-04 |   1807ms |  145.0k tok/s | mfu 33.0%
step   170 | loss 7.3876 | lr 2.57e-04 |   1811ms |  144.8k tok/s | mfu 32.9%
step   180 | loss 7.2732 | lr 2.71e-04 |   1815ms |  144.4k tok/s | mfu 32.8%
step   190 | loss 7.3111 | lr 2.86e-04 |   1812ms |  144.6k tok/s | mfu 32.9%
step   200 | loss 7.2404 | lr 3.00e-04 |   1810ms |  144.9k tok/s | mfu 32.9%
step   210 | loss 7.1500 | lr 3.00e-04 |   1812ms |  144.7k tok/s | mfu 32.9%
step   220 | loss 7.0740 | lr 3.00e-04 |   1813ms |  144.6k tok/s | mfu 32.9%
step   230 | loss 7.1152 | lr 3.00e-04 |   1813ms |  144.6k tok/s | mfu 32.9%
step   240 | loss 7.0261 | lr 3.00e-04 |   1818ms |  144.2k tok/s | mfu 32.8%
step   250 | loss 6.9565 | lr 3.00e-04 |   1819ms |  144.1k tok/s | mfu 32.8%
  [eval] step 250 val_loss 7.0659
step   260 | loss 6.8641 | lr 3.00e-04 |   1820ms |  144.0k tok/s | mfu 32.7%
step   270 | loss 6.9309 | lr 3.00e-04 |   1821ms |  144.0k tok/s | mfu 32.7%
step   280 | loss 6.7860 | lr 3.00e-04 |   1823ms |  143.8k tok/s | mfu 32.7%
step   290 | loss 6.7011 | lr 2.99e-04 |   1821ms |  143.9k tok/s | mfu 32.7%
step   300 | loss 6.7234 | lr 2.99e-04 |   1824ms |  143.7k tok/s | mfu 32.7%
step   310 | loss 6.6240 | lr 2.99e-04 |   1822ms |  143.9k tok/s | mfu 32.7%
step   320 | loss 6.5179 | lr 2.99e-04 |   1826ms |  143.6k tok/s | mfu 32.6%
step   330 | loss 6.4501 | lr 2.99e-04 |   1825ms |  143.6k tok/s | mfu 32.6%
step   340 | loss 6.3832 | lr 2.99e-04 |   1828ms |  143.4k tok/s | mfu 32.6%
step   350 | loss 6.4586 | lr 2.98e-04 |   1824ms |  143.7k tok/s | mfu 32.7%
step   360 | loss 6.3279 | lr 2.98e-04 |   1829ms |  143.3k tok/s | mfu 32.6%
step   370 | loss 6.2763 | lr 2.98e-04 |   1826ms |  143.6k tok/s | mfu 32.6%
step   380 | loss 6.2715 | lr 2.98e-04 |   1824ms |  143.7k tok/s | mfu 32.7%
step   390 | loss 6.1822 | lr 2.97e-04 |   1826ms |  143.5k tok/s | mfu 32.6%
step   400 | loss 6.3836 | lr 2.97e-04 |   1824ms |  143.7k tok/s | mfu 32.7%
step   410 | loss 6.2969 | lr 2.97e-04 |   1827ms |  143.5k tok/s | mfu 32.6%
step   420 | loss 6.3079 | lr 2.96e-04 |   1824ms |  143.7k tok/s | mfu 32.7%
step   430 | loss 6.1408 | lr 2.96e-04 |   1823ms |  143.8k tok/s | mfu 32.7%
step   440 | loss 6.2354 | lr 2.96e-04 |   1826ms |  143.6k tok/s | mfu 32.6%
step   450 | loss 6.2371 | lr 2.95e-04 |   1823ms |  143.8k tok/s | mfu 32.7%
step   460 | loss 6.2556 | lr 2.95e-04 |   1825ms |  143.6k tok/s | mfu 32.6%
step   470 | loss 6.0787 | lr 2.95e-04 |   1826ms |  143.6k tok/s | mfu 32.6%
step   480 | loss 6.1290 | lr 2.94e-04 |   1824ms |  143.7k tok/s | mfu 32.7%
step   490 | loss 5.9937 | lr 2.94e-04 |   1827ms |  143.5k tok/s | mfu 32.6%
step   500 | loss 5.9718 | lr 2.93e-04 |   1825ms |  143.6k tok/s | mfu 32.6%
  [eval] step 500 val_loss 6.2152
step   510 | loss 6.0721 | lr 2.93e-04 |   1825ms |  143.7k tok/s | mfu 32.6%
step   520 | loss 6.1729 | lr 2.92e-04 |   1825ms |  143.7k tok/s | mfu 32.7%
step   530 | loss 6.0973 | lr 2.92e-04 |   1825ms |  143.6k tok/s | mfu 32.6%
step   540 | loss 6.1067 | lr 2.92e-04 |   1826ms |  143.6k tok/s | mfu 32.6%
step   550 | loss 5.9717 | lr 2.91e-04 |   1824ms |  143.7k tok/s | mfu 32.7%
step   560 | loss 6.0460 | lr 2.91e-04 |   1824ms |  143.7k tok/s | mfu 32.7%
step   570 | loss 6.0952 | lr 2.90e-04 |   1822ms |  143.8k tok/s | mfu 32.7%
step   580 | loss 6.1032 | lr 2.89e-04 |   1824ms |  143.7k tok/s | mfu 32.7%
step   590 | loss 6.0308 | lr 2.89e-04 |   1826ms |  143.6k tok/s | mfu 32.6%
step   600 | loss 5.9880 | lr 2.88e-04 |   1823ms |  143.8k tok/s | mfu 32.7%
step   610 | loss 6.0003 | lr 2.88e-04 |   1822ms |  143.9k tok/s | mfu 32.7%
step   620 | loss 5.9303 | lr 2.87e-04 |   1821ms |  144.0k tok/s | mfu 32.7%
step   630 | loss 5.8730 | lr 2.87e-04 |   1820ms |  144.0k tok/s | mfu 32.7%
step   640 | loss 6.0070 | lr 2.86e-04 |   1820ms |  144.0k tok/s | mfu 32.7%
step   650 | loss 5.9352 | lr 2.85e-04 |   1820ms |  144.0k tok/s | mfu 32.7%
step   660 | loss 5.9266 | lr 2.85e-04 |   1820ms |  144.0k tok/s | mfu 32.7%
step   670 | loss 6.0346 | lr 2.84e-04 |   1822ms |  143.8k tok/s | mfu 32.7%
step   680 | loss 5.9045 | lr 2.83e-04 |   1821ms |  144.0k tok/s | mfu 32.7%
step   690 | loss 5.8671 | lr 2.83e-04 |   1818ms |  144.2k tok/s | mfu 32.8%
step   700 | loss 5.9411 | lr 2.82e-04 |   1821ms |  144.0k tok/s | mfu 32.7%
step   710 | loss 5.9116 | lr 2.81e-04 |   1822ms |  143.9k tok/s | mfu 32.7%
step   720 | loss 5.8565 | lr 2.80e-04 |   1823ms |  143.8k tok/s | mfu 32.7%
step   730 | loss 5.9190 | lr 2.80e-04 |   1818ms |  144.2k tok/s | mfu 32.8%
step   740 | loss 5.8541 | lr 2.79e-04 |   1821ms |  143.9k tok/s | mfu 32.7%
step   750 | loss 5.8700 | lr 2.78e-04 |   1822ms |  143.9k tok/s | mfu 32.7%
  [eval] step 750 val_loss 5.9774
step   760 | loss 5.8664 | lr 2.77e-04 |   1823ms |  143.8k tok/s | mfu 32.7%
step   770 | loss 5.7968 | lr 2.77e-04 |   1820ms |  144.1k tok/s | mfu 32.7%
step   780 | loss 5.7310 | lr 2.76e-04 |   1818ms |  144.2k tok/s | mfu 32.8%
step   790 | loss 5.8315 | lr 2.75e-04 |   1819ms |  144.1k tok/s | mfu 32.8%
step   800 | loss 5.8040 | lr 2.74e-04 |   1821ms |  143.9k tok/s | mfu 32.7%
step   810 | loss 5.7085 | lr 2.73e-04 |   1821ms |  144.0k tok/s | mfu 32.7%
step   820 | loss 5.6785 | lr 2.73e-04 |   1819ms |  144.1k tok/s | mfu 32.7%
step   830 | loss 5.8434 | lr 2.72e-04 |   1820ms |  144.0k tok/s | mfu 32.7%
step   840 | loss 5.7920 | lr 2.71e-04 |   1820ms |  144.0k tok/s | mfu 32.7%
step   850 | loss 5.7983 | lr 2.70e-04 |   1819ms |  144.1k tok/s | mfu 32.8%
step   860 | loss 5.7096 | lr 2.69e-04 |   1818ms |  144.2k tok/s | mfu 32.8%
step   870 | loss 5.8016 | lr 2.68e-04 |   1818ms |  144.2k tok/s | mfu 32.8%
step   880 | loss 5.8292 | lr 2.67e-04 |   1816ms |  144.4k tok/s | mfu 32.8%
step   890 | loss 5.6816 | lr 2.66e-04 |   1818ms |  144.2k tok/s | mfu 32.8%
step   900 | loss 5.6644 | lr 2.65e-04 |   1821ms |  143.9k tok/s | mfu 32.7%
step   910 | loss 5.7327 | lr 2.64e-04 |   1818ms |  144.2k tok/s | mfu 32.8%
step   920 | loss 5.6683 | lr 2.63e-04 |   1817ms |  144.3k tok/s | mfu 32.8%
step   930 | loss 5.5264 | lr 2.62e-04 |   1816ms |  144.3k tok/s | mfu 32.8%
step   940 | loss 5.7318 | lr 2.61e-04 |   1817ms |  144.3k tok/s | mfu 32.8%
step   950 | loss 5.5379 | lr 2.60e-04 |   1816ms |  144.3k tok/s | mfu 32.8%
step   960 | loss 5.6325 | lr 2.59e-04 |   1817ms |  144.3k tok/s | mfu 32.8%
step   970 | loss 5.6717 | lr 2.58e-04 |   1820ms |  144.1k tok/s | mfu 32.7%
step   980 | loss 5.6765 | lr 2.57e-04 |   1819ms |  144.1k tok/s | mfu 32.7%
step   990 | loss 5.5865 | lr 2.56e-04 |   1822ms |  143.9k tok/s | mfu 32.7%
step  1000 | loss 5.5239 | lr 2.55e-04 |   1819ms |  144.1k tok/s | mfu 32.8%
  [eval] step 1000 val_loss 5.7336
step  1010 | loss 5.4444 | lr 2.54e-04 |   1819ms |  144.1k tok/s | mfu 32.7%
step  1020 | loss 5.5856 | lr 2.53e-04 |   1821ms |  144.0k tok/s | mfu 32.7%
step  1030 | loss 5.6476 | lr 2.52e-04 |   1817ms |  144.3k tok/s | mfu 32.8%
step  1040 | loss 5.6100 | lr 2.51e-04 |   1815ms |  144.5k tok/s | mfu 32.8%
step  1050 | loss 5.4884 | lr 2.50e-04 |   1819ms |  144.1k tok/s | mfu 32.8%
step  1060 | loss 5.6839 | lr 2.49e-04 |   1817ms |  144.3k tok/s | mfu 32.8%
step  1070 | loss 5.5764 | lr 2.48e-04 |   1816ms |  144.4k tok/s | mfu 32.8%
step  1080 | loss 5.3981 | lr 2.47e-04 |   1817ms |  144.3k tok/s | mfu 32.8%
step  1090 | loss 5.4928 | lr 2.45e-04 |   1818ms |  144.2k tok/s | mfu 32.8%
step  1100 | loss 5.4612 | lr 2.44e-04 |   1818ms |  144.2k tok/s | mfu 32.8%
step  1110 | loss 5.4358 | lr 2.43e-04 |   1818ms |  144.2k tok/s | mfu 32.8%
step  1120 | loss 5.4026 | lr 2.42e-04 |   1816ms |  144.4k tok/s | mfu 32.8%
step  1130 | loss 5.5623 | lr 2.41e-04 |   1820ms |  144.0k tok/s | mfu 32.7%
step  1140 | loss 5.4513 | lr 2.40e-04 |   1823ms |  143.8k tok/s | mfu 32.7%
step  1150 | loss 5.4684 | lr 2.39e-04 |   1820ms |  144.1k tok/s | mfu 32.7%
step  1160 | loss 5.4197 | lr 2.37e-04 |   1821ms |  144.0k tok/s | mfu 32.7%
step  1170 | loss 5.4707 | lr 2.36e-04 |   1816ms |  144.3k tok/s | mfu 32.8%
step  1180 | loss 5.3998 | lr 2.35e-04 |   1816ms |  144.4k tok/s | mfu 32.8%
step  1190 | loss 5.3530 | lr 2.34e-04 |   1817ms |  144.3k tok/s | mfu 32.8%
step  1200 | loss 5.3940 | lr 2.32e-04 |   1818ms |  144.2k tok/s | mfu 32.8%
step  1210 | loss 5.4313 | lr 2.31e-04 |   1816ms |  144.4k tok/s | mfu 32.8%
step  1220 | loss 5.3838 | lr 2.30e-04 |   1818ms |  144.2k tok/s | mfu 32.8%
step  1230 | loss 5.3302 | lr 2.29e-04 |   1819ms |  144.1k tok/s | mfu 32.8%
step  1240 | loss 5.3328 | lr 2.28e-04 |   1818ms |  144.2k tok/s | mfu 32.8%
step  1250 | loss 5.4393 | lr 2.26e-04 |   1818ms |  144.2k tok/s | mfu 32.8%
  [eval] step 1250 val_loss 5.5381
step  1260 | loss 5.2840 | lr 2.25e-04 |   1816ms |  144.4k tok/s | mfu 32.8%
step  1270 | loss 5.5490 | lr 2.24e-04 |   1816ms |  144.4k tok/s | mfu 32.8%
step  1280 | loss 5.3867 | lr 2.22e-04 |   1816ms |  144.4k tok/s | mfu 32.8%
step  1290 | loss 5.4797 | lr 2.21e-04 |   1818ms |  144.2k tok/s | mfu 32.8%
step  1300 | loss 5.3798 | lr 2.20e-04 |   1819ms |  144.1k tok/s | mfu 32.8%
step  1310 | loss 5.3279 | lr 2.19e-04 |   1819ms |  144.2k tok/s | mfu 32.8%
step  1320 | loss 5.3338 | lr 2.17e-04 |   1817ms |  144.3k tok/s | mfu 32.8%
step  1330 | loss 5.2860 | lr 2.16e-04 |   1816ms |  144.3k tok/s | mfu 32.8%
step  1340 | loss 5.3849 | lr 2.15e-04 |   1815ms |  144.5k tok/s | mfu 32.8%
step  1350 | loss 5.3479 | lr 2.13e-04 |   1818ms |  144.2k tok/s | mfu 32.8%
step  1360 | loss 5.2855 | lr 2.12e-04 |   1815ms |  144.4k tok/s | mfu 32.8%
step  1370 | loss 5.3443 | lr 2.11e-04 |   1818ms |  144.2k tok/s | mfu 32.8%
step  1380 | loss 5.2896 | lr 2.09e-04 |   1818ms |  144.2k tok/s | mfu 32.8%
step  1390 | loss 5.2626 | lr 2.08e-04 |   1817ms |  144.3k tok/s | mfu 32.8%
step  1400 | loss 5.2979 | lr 2.07e-04 |   1817ms |  144.3k tok/s | mfu 32.8%
step  1410 | loss 5.2598 | lr 2.05e-04 |   1819ms |  144.1k tok/s | mfu 32.7%
step  1420 | loss 5.2393 | lr 2.04e-04 |   1817ms |  144.2k tok/s | mfu 32.8%
step  1430 | loss 5.2768 | lr 2.03e-04 |   1817ms |  144.3k tok/s | mfu 32.8%
step  1440 | loss 5.3484 | lr 2.01e-04 |   1815ms |  144.4k tok/s | mfu 32.8%
step  1450 | loss 5.1696 | lr 2.00e-04 |   1816ms |  144.3k tok/s | mfu 32.8%
step  1460 | loss 5.0719 | lr 1.99e-04 |   1816ms |  144.3k tok/s | mfu 32.8%
step  1470 | loss 5.1193 | lr 1.97e-04 |   1816ms |  144.4k tok/s | mfu 32.8%
step  1480 | loss 5.1087 | lr 1.96e-04 |   1816ms |  144.3k tok/s | mfu 32.8%
step  1490 | loss 5.0268 | lr 1.94e-04 |   1815ms |  144.4k tok/s | mfu 32.8%
step  1500 | loss 5.1679 | lr 1.93e-04 |   1817ms |  144.3k tok/s | mfu 32.8%
  [eval] step 1500 val_loss 5.2594
step  1510 | loss 5.1942 | lr 1.92e-04 |   1819ms |  144.1k tok/s | mfu 32.8%
step  1520 | loss 5.1971 | lr 1.90e-04 |   1815ms |  144.4k tok/s | mfu 32.8%
step  1530 | loss 5.1721 | lr 1.89e-04 |   1817ms |  144.3k tok/s | mfu 32.8%
step  1540 | loss 4.9343 | lr 1.88e-04 |   1817ms |  144.3k tok/s | mfu 32.8%
step  1550 | loss 5.0955 | lr 1.86e-04 |   1815ms |  144.4k tok/s | mfu 32.8%
step  1560 | loss 5.0298 | lr 1.85e-04 |   1817ms |  144.3k tok/s | mfu 32.8%
step  1570 | loss 5.0876 | lr 1.83e-04 |   1819ms |  144.1k tok/s | mfu 32.7%
step  1580 | loss 5.2020 | lr 1.82e-04 |   1818ms |  144.2k tok/s | mfu 32.8%
step  1590 | loss 5.1707 | lr 1.81e-04 |   1818ms |  144.2k tok/s | mfu 32.8%
step  1600 | loss 5.1244 | lr 1.79e-04 |   1815ms |  144.4k tok/s | mfu 32.8%
step  1610 | loss 4.9616 | lr 1.78e-04 |   1816ms |  144.4k tok/s | mfu 32.8%
step  1620 | loss 5.2280 | lr 1.76e-04 |   1815ms |  144.4k tok/s | mfu 32.8%
step  1630 | loss 5.0810 | lr 1.75e-04 |   1817ms |  144.3k tok/s | mfu 32.8%
step  1640 | loss 5.1133 | lr 1.73e-04 |   1818ms |  144.2k tok/s | mfu 32.8%
step  1650 | loss 4.9579 | lr 1.72e-04 |   1816ms |  144.3k tok/s | mfu 32.8%
step  1660 | loss 4.9964 | lr 1.71e-04 |   1818ms |  144.2k tok/s | mfu 32.8%
step  1670 | loss 5.0981 | lr 1.69e-04 |   1817ms |  144.3k tok/s | mfu 32.8%
step  1680 | loss 4.9526 | lr 1.68e-04 |   1818ms |  144.2k tok/s | mfu 32.8%
step  1690 | loss 5.0082 | lr 1.66e-04 |   1818ms |  144.2k tok/s | mfu 32.8%
step  1700 | loss 5.0121 | lr 1.65e-04 |   1821ms |  144.0k tok/s | mfu 32.7%
step  1710 | loss 4.9642 | lr 1.64e-04 |   1818ms |  144.2k tok/s | mfu 32.8%
step  1720 | loss 4.8576 | lr 1.62e-04 |   1819ms |  144.2k tok/s | mfu 32.8%
step  1730 | loss 5.0115 | lr 1.61e-04 |   1819ms |  144.1k tok/s | mfu 32.8%
step  1740 | loss 4.9692 | lr 1.59e-04 |   1816ms |  144.3k tok/s | mfu 32.8%
step  1750 | loss 5.0713 | lr 1.58e-04 |   1821ms |  143.9k tok/s | mfu 32.7%
  [eval] step 1750 val_loss 5.0046
step  1760 | loss 5.0862 | lr 1.57e-04 |   1817ms |  144.2k tok/s | mfu 32.8%
step  1770 | loss 4.9823 | lr 1.55e-04 |   1816ms |  144.4k tok/s | mfu 32.8%
step  1780 | loss 4.8213 | lr 1.54e-04 |   1818ms |  144.2k tok/s | mfu 32.8%
step  1790 | loss 4.9323 | lr 1.52e-04 |   1815ms |  144.4k tok/s | mfu 32.8%
step  1800 | loss 5.0167 | lr 1.51e-04 |   1817ms |  144.2k tok/s | mfu 32.8%
step  1810 | loss 4.9338 | lr 1.49e-04 |   1816ms |  144.4k tok/s | mfu 32.8%
step  1820 | loss 4.8748 | lr 1.48e-04 |   1818ms |  144.2k tok/s | mfu 32.8%
step  1830 | loss 4.6476 | lr 1.47e-04 |   1815ms |  144.4k tok/s | mfu 32.8%
step  1840 | loss 4.9549 | lr 1.45e-04 |   1817ms |  144.3k tok/s | mfu 32.8%
step  1850 | loss 4.7573 | lr 1.44e-04 |   1818ms |  144.2k tok/s | mfu 32.8%
step  1860 | loss 4.8718 | lr 1.42e-04 |   1816ms |  144.3k tok/s | mfu 32.8%
step  1870 | loss 4.8269 | lr 1.41e-04 |   1814ms |  144.5k tok/s | mfu 32.8%
step  1880 | loss 4.9148 | lr 1.40e-04 |   1815ms |  144.4k tok/s | mfu 32.8%
step  1890 | loss 4.8742 | lr 1.38e-04 |   1817ms |  144.2k tok/s | mfu 32.8%
step  1900 | loss 4.8041 | lr 1.37e-04 |   1815ms |  144.4k tok/s | mfu 32.8%
step  1910 | loss 4.7675 | lr 1.36e-04 |   1818ms |  144.2k tok/s | mfu 32.8%
step  1920 | loss 4.9539 | lr 1.34e-04 |   1816ms |  144.4k tok/s | mfu 32.8%
step  1930 | loss 4.8232 | lr 1.33e-04 |   1816ms |  144.3k tok/s | mfu 32.8%
step  1940 | loss 4.6670 | lr 1.31e-04 |   1818ms |  144.2k tok/s | mfu 32.8%
step  1950 | loss 4.6288 | lr 1.30e-04 |   1816ms |  144.4k tok/s | mfu 32.8%
step  1960 | loss 4.4797 | lr 1.29e-04 |   1816ms |  144.3k tok/s | mfu 32.8%
step  1970 | loss 4.7602 | lr 1.27e-04 |   1819ms |  144.1k tok/s | mfu 32.8%
step  1980 | loss 4.7541 | lr 1.26e-04 |   1815ms |  144.4k tok/s | mfu 32.8%
step  1990 | loss 4.7439 | lr 1.25e-04 |   1815ms |  144.4k tok/s | mfu 32.8%
step  2000 | loss 4.6836 | lr 1.23e-04 |   1814ms |  144.5k tok/s | mfu 32.8%
  [eval] step 2000 val_loss 4.7994
step  2010 | loss 4.6557 | lr 1.22e-04 |   1816ms |  144.4k tok/s | mfu 32.8%
step  2020 | loss 4.7719 | lr 1.21e-04 |   1817ms |  144.3k tok/s | mfu 32.8%
step  2030 | loss 4.7625 | lr 1.19e-04 |   1817ms |  144.3k tok/s | mfu 32.8%
step  2040 | loss 4.6072 | lr 1.18e-04 |   1817ms |  144.3k tok/s | mfu 32.8%
step  2050 | loss 4.5694 | lr 1.17e-04 |   1818ms |  144.2k tok/s | mfu 32.8%
step  2060 | loss 4.6771 | lr 1.15e-04 |   1815ms |  144.4k tok/s | mfu 32.8%
step  2070 | loss 4.7246 | lr 1.14e-04 |   1818ms |  144.2k tok/s | mfu 32.8%
step  2080 | loss 4.5558 | lr 1.13e-04 |   1818ms |  144.2k tok/s | mfu 32.8%
step  2090 | loss 4.7876 | lr 1.11e-04 |   1816ms |  144.3k tok/s | mfu 32.8%
step  2100 | loss 4.9044 | lr 1.10e-04 |   1817ms |  144.3k tok/s | mfu 32.8%
step  2110 | loss 4.7077 | lr 1.09e-04 |   1819ms |  144.1k tok/s | mfu 32.7%
step  2120 | loss 4.5798 | lr 1.08e-04 |   1817ms |  144.2k tok/s | mfu 32.8%
step  2130 | loss 4.5351 | lr 1.06e-04 |   1817ms |  144.3k tok/s | mfu 32.8%
step  2140 | loss 4.5166 | lr 1.05e-04 |   1816ms |  144.4k tok/s | mfu 32.8%
step  2150 | loss 4.4777 | lr 1.04e-04 |   1818ms |  144.2k tok/s | mfu 32.8%
step  2160 | loss 4.4632 | lr 1.02e-04 |   1819ms |  144.1k tok/s | mfu 32.7%
step  2170 | loss 4.6320 | lr 1.01e-04 |   1816ms |  144.3k tok/s | mfu 32.8%
step  2180 | loss 4.6046 | lr 1.00e-04 |   1817ms |  144.2k tok/s | mfu 32.8%
step  2190 | loss 4.5609 | lr 9.87e-05 |   1816ms |  144.3k tok/s | mfu 32.8%
step  2200 | loss 4.6085 | lr 9.75e-05 |   1817ms |  144.3k tok/s | mfu 32.8%
step  2210 | loss 4.5883 | lr 9.63e-05 |   1816ms |  144.3k tok/s | mfu 32.8%
step  2220 | loss 4.5215 | lr 9.51e-05 |   1817ms |  144.3k tok/s | mfu 32.8%
step  2230 | loss 4.6871 | lr 9.39e-05 |   1818ms |  144.2k tok/s | mfu 32.8%
step  2240 | loss 4.4718 | lr 9.27e-05 |   1817ms |  144.2k tok/s | mfu 32.8%
step  2250 | loss 4.4607 | lr 9.15e-05 |   1817ms |  144.3k tok/s | mfu 32.8%
  [eval] step 2250 val_loss 4.6782
step  2260 | loss 4.7007 | lr 9.03e-05 |   1817ms |  144.2k tok/s | mfu 32.8%
step  2270 | loss 4.4553 | lr 8.91e-05 |   1819ms |  144.1k tok/s | mfu 32.8%
step  2280 | loss 4.5508 | lr 8.80e-05 |   1816ms |  144.4k tok/s | mfu 32.8%
step  2290 | loss 4.3033 | lr 8.68e-05 |   1818ms |  144.2k tok/s | mfu 32.8%
step  2300 | loss 4.5239 | lr 8.56e-05 |   1815ms |  144.4k tok/s | mfu 32.8%
step  2310 | loss 4.5572 | lr 8.45e-05 |   1815ms |  144.4k tok/s | mfu 32.8%
step  2320 | loss 4.4325 | lr 8.34e-05 |   1817ms |  144.3k tok/s | mfu 32.8%
step  2330 | loss 4.6017 | lr 8.23e-05 |   1816ms |  144.3k tok/s | mfu 32.8%
step  2340 | loss 4.4160 | lr 8.11e-05 |   1815ms |  144.4k tok/s | mfu 32.8%
step  2350 | loss 4.6174 | lr 8.00e-05 |   1815ms |  144.4k tok/s | mfu 32.8%
step  2360 | loss 4.4721 | lr 7.89e-05 |   1816ms |  144.4k tok/s | mfu 32.8%
step  2370 | loss 4.5293 | lr 7.79e-05 |   1816ms |  144.3k tok/s | mfu 32.8%
step  2380 | loss 4.4035 | lr 7.68e-05 |   1817ms |  144.3k tok/s | mfu 32.8%
step  2390 | loss 4.5590 | lr 7.57e-05 |   1816ms |  144.4k tok/s | mfu 32.8%
step  2400 | loss 4.5969 | lr 7.47e-05 |   1815ms |  144.4k tok/s | mfu 32.8%
step  2410 | loss 4.5486 | lr 7.36e-05 |   1816ms |  144.3k tok/s | mfu 32.8%
step  2420 | loss 4.6876 | lr 7.26e-05 |   1818ms |  144.2k tok/s | mfu 32.8%
step  2430 | loss 4.5545 | lr 7.16e-05 |   1822ms |  143.9k tok/s | mfu 32.7%
step  2440 | loss 4.5725 | lr 7.05e-05 |   1817ms |  144.3k tok/s | mfu 32.8%
step  2450 | loss 4.7207 | lr 6.95e-05 |   1817ms |  144.3k tok/s | mfu 32.8%
step  2460 | loss 4.5885 | lr 6.85e-05 |   1817ms |  144.3k tok/s | mfu 32.8%
step  2470 | loss 4.5575 | lr 6.76e-05 |   1817ms |  144.3k tok/s | mfu 32.8%
step  2480 | loss 4.4494 | lr 6.66e-05 |   1816ms |  144.3k tok/s | mfu 32.8%
step  2490 | loss 4.6162 | lr 6.56e-05 |   1816ms |  144.4k tok/s | mfu 32.8%
step  2500 | loss 4.5240 | lr 6.47e-05 |   1815ms |  144.4k tok/s | mfu 32.8%
  [eval] step 2500 val_loss 4.4796
step  2510 | loss 4.3966 | lr 6.37e-05 |   1814ms |  144.5k tok/s | mfu 32.8%
step  2520 | loss 4.6429 | lr 6.28e-05 |   1815ms |  144.4k tok/s | mfu 32.8%
step  2530 | loss 4.5062 | lr 6.19e-05 |   1816ms |  144.4k tok/s | mfu 32.8%
step  2540 | loss 4.5300 | lr 6.10e-05 |   1817ms |  144.3k tok/s | mfu 32.8%
step  2550 | loss 4.6114 | lr 6.01e-05 |   1816ms |  144.3k tok/s | mfu 32.8%
step  2560 | loss 4.5280 | lr 5.92e-05 |   1818ms |  144.2k tok/s | mfu 32.8%
step  2570 | loss 4.3038 | lr 5.83e-05 |   1816ms |  144.4k tok/s | mfu 32.8%
step  2580 | loss 4.3751 | lr 5.75e-05 |   1816ms |  144.3k tok/s | mfu 32.8%
step  2590 | loss 4.5706 | lr 5.66e-05 |   1818ms |  144.2k tok/s | mfu 32.8%
step  2600 | loss 4.5269 | lr 5.58e-05 |   1816ms |  144.4k tok/s | mfu 32.8%
step  2610 | loss 4.3458 | lr 5.50e-05 |   1817ms |  144.3k tok/s | mfu 32.8%
step  2620 | loss 4.5085 | lr 5.41e-05 |   1817ms |  144.3k tok/s | mfu 32.8%
step  2630 | loss 4.4427 | lr 5.33e-05 |   1818ms |  144.2k tok/s | mfu 32.8%
step  2640 | loss 4.4450 | lr 5.26e-05 |   1817ms |  144.3k tok/s | mfu 32.8%
step  2650 | loss 4.6739 | lr 5.18e-05 |   1816ms |  144.3k tok/s | mfu 32.8%
step  2660 | loss 4.3455 | lr 5.10e-05 |   1816ms |  144.4k tok/s | mfu 32.8%
step  2670 | loss 4.4032 | lr 5.03e-05 |   1816ms |  144.4k tok/s | mfu 32.8%
step  2680 | loss 4.4784 | lr 4.95e-05 |   1816ms |  144.3k tok/s | mfu 32.8%
step  2690 | loss 4.4723 | lr 4.88e-05 |   1817ms |  144.3k tok/s | mfu 32.8%
step  2700 | loss 4.4366 | lr 4.81e-05 |   1818ms |  144.2k tok/s | mfu 32.8%
step  2710 | loss 4.0680 | lr 4.74e-05 |   1819ms |  144.1k tok/s | mfu 32.8%
step  2720 | loss 4.4407 | lr 4.67e-05 |   1819ms |  144.1k tok/s | mfu 32.8%
step  2730 | loss 4.6249 | lr 4.60e-05 |   1818ms |  144.2k tok/s | mfu 32.8%
step  2740 | loss 4.4607 | lr 4.54e-05 |   1818ms |  144.2k tok/s | mfu 32.8%
step  2750 | loss 4.4642 | lr 4.47e-05 |   1817ms |  144.2k tok/s | mfu 32.8%
  [eval] step 2750 val_loss 4.3432
step  2760 | loss 4.4981 | lr 4.41e-05 |   1817ms |  144.3k tok/s | mfu 32.8%
step  2770 | loss 4.4366 | lr 4.35e-05 |   1817ms |  144.3k tok/s | mfu 32.8%
step  2780 | loss 4.5639 | lr 4.28e-05 |   1815ms |  144.4k tok/s | mfu 32.8%
step  2790 | loss 4.3788 | lr 4.23e-05 |   1816ms |  144.3k tok/s | mfu 32.8%
step  2800 | loss 4.3950 | lr 4.17e-05 |   1818ms |  144.2k tok/s | mfu 32.8%
step  2810 | loss 4.3435 | lr 4.11e-05 |   1815ms |  144.4k tok/s | mfu 32.8%
step  2820 | loss 4.3804 | lr 4.05e-05 |   1815ms |  144.4k tok/s | mfu 32.8%
step  2830 | loss 4.4397 | lr 4.00e-05 |   1817ms |  144.3k tok/s | mfu 32.8%
step  2840 | loss 4.5905 | lr 3.95e-05 |   1816ms |  144.3k tok/s | mfu 32.8%
step  2850 | loss 4.3332 | lr 3.90e-05 |   1816ms |  144.4k tok/s | mfu 32.8%
step  2860 | loss 4.4558 | lr 3.85e-05 |   1818ms |  144.2k tok/s | mfu 32.8%
step  2870 | loss 4.2212 | lr 3.80e-05 |   1820ms |  144.1k tok/s | mfu 32.7%
step  2880 | loss 4.2111 | lr 3.75e-05 |   1817ms |  144.3k tok/s | mfu 32.8%
step  2890 | loss 4.2613 | lr 3.71e-05 |   1815ms |  144.4k tok/s | mfu 32.8%
step  2900 | loss 4.1862 | lr 3.66e-05 |   1816ms |  144.3k tok/s | mfu 32.8%
step  2910 | loss 4.3187 | lr 3.62e-05 |   1816ms |  144.3k tok/s | mfu 32.8%
step  2920 | loss 4.4476 | lr 3.58e-05 |   1818ms |  144.2k tok/s | mfu 32.8%
step  2930 | loss 4.4332 | lr 3.54e-05 |   1816ms |  144.3k tok/s | mfu 32.8%
step  2940 | loss 4.4484 | lr 3.50e-05 |   1816ms |  144.3k tok/s | mfu 32.8%
step  2950 | loss 4.2977 | lr 3.46e-05 |   1815ms |  144.4k tok/s | mfu 32.8%
step  2960 | loss 4.2753 | lr 3.42e-05 |   1817ms |  144.3k tok/s | mfu 32.8%
step  2970 | loss 4.4093 | lr 3.39e-05 |   1817ms |  144.2k tok/s | mfu 32.8%
step  2980 | loss 4.3841 | lr 3.36e-05 |   1816ms |  144.3k tok/s | mfu 32.8%
step  2990 | loss 4.4767 | lr 3.33e-05 |   1817ms |  144.3k tok/s | mfu 32.8%
step  3000 | loss 4.3109 | lr 3.30e-05 |   1817ms |  144.2k tok/s | mfu 32.8%
  [eval] step 3000 val_loss 4.3128
step  3010 | loss 4.2848 | lr 3.27e-05 |   1816ms |  144.3k tok/s | mfu 32.8%
step  3020 | loss 4.3695 | lr 3.24e-05 |   1817ms |  144.3k tok/s | mfu 32.8%
step  3030 | loss 4.1845 | lr 3.21e-05 |   1816ms |  144.3k tok/s | mfu 32.8%
step  3040 | loss 4.1618 | lr 3.19e-05 |   1814ms |  144.5k tok/s | mfu 32.8%
step  3050 | loss 4.3704 | lr 3.17e-05 |   1817ms |  144.3k tok/s | mfu 32.8%
step  3060 | loss 4.5025 | lr 3.14e-05 |   1816ms |  144.4k tok/s | mfu 32.8%
step  3070 | loss 4.3691 | lr 3.12e-05 |   1818ms |  144.2k tok/s | mfu 32.8%
step  3080 | loss 4.3496 | lr 3.11e-05 |   1817ms |  144.3k tok/s | mfu 32.8%
step  3090 | loss 4.2415 | lr 3.09e-05 |   1816ms |  144.4k tok/s | mfu 32.8%
step  3100 | loss 4.3968 | lr 3.07e-05 |   1815ms |  144.4k tok/s | mfu 32.8%
step  3110 | loss 4.3622 | lr 3.06e-05 |   1817ms |  144.3k tok/s | mfu 32.8%
step  3120 | loss 4.2457 | lr 3.05e-05 |   1819ms |  144.1k tok/s | mfu 32.8%
step  3130 | loss 4.4096 | lr 3.04e-05 |   1814ms |  144.5k tok/s | mfu 32.8%
step  3140 | loss 4.2776 | lr 3.03e-05 |   1815ms |  144.5k tok/s | mfu 32.8%
step  3150 | loss 4.3569 | lr 3.02e-05 |   1815ms |  144.4k tok/s | mfu 32.8%
step  3160 | loss 4.3890 | lr 3.01e-05 |   1817ms |  144.3k tok/s | mfu 32.8%
step  3170 | loss 4.3202 | lr 3.01e-05 |   1819ms |  144.1k tok/s | mfu 32.7%
step  3180 | loss 4.4269 | lr 3.00e-05 |   1818ms |  144.2k tok/s | mfu 32.8%
step  3190 | loss 4.3507 | lr 3.00e-05 |   1818ms |  144.2k tok/s | mfu 32.8%
step  3199 | loss 4.3013 | lr 3.00e-05 |   1816ms |  144.4k tok/s | mfu 32.8%
  [eval] step 3199 val_loss 4.4014
done. final checkpoint -> checkpoints/base/ckpt.pt
